..............
----------------------------------------------------------------------
Ran 14 tests

OK
