.....
----------------------------------------------------------------------
Ran 5 tests

OK
