QA output created by 097

=== Test pass 0 ===

Formatting 'TEST_DIR/t.IMGFMT.base', fmt=IMGFMT size=67108864
Formatting 'TEST_DIR/t.IMGFMT.itmd', fmt=IMGFMT size=67108864 backing_file=TEST_DIR/t.IMGFMT.base
Formatting 'TEST_DIR/t.IMGFMT', fmt=IMGFMT size=67108864 backing_file=TEST_DIR/t.IMGFMT.itmd
wrote 196608/196608 bytes at offset 0
192 KiB, X ops; XX:XX:XX.X (XXX YYY/sec and XXX ops/sec)
wrote 131072/131072 bytes at offset 65536
128 KiB, X ops; XX:XX:XX.X (XXX YYY/sec and XXX ops/sec)
wrote 65536/65536 bytes at offset 131072
64 KiB, X ops; XX:XX:XX.X (XXX YYY/sec and XXX ops/sec)
Image committed.
read 196608/196608 bytes at offset 0
192 KiB, X ops; XX:XX:XX.X (XXX YYY/sec and XXX ops/sec)
read 65536/65536 bytes at offset 0
64 KiB, X ops; XX:XX:XX.X (XXX YYY/sec and XXX ops/sec)
read 65536/65536 bytes at offset 65536
64 KiB, X ops; XX:XX:XX.X (XXX YYY/sec and XXX ops/sec)
read 65536/65536 bytes at offset 131072
64 KiB, X ops; XX:XX:XX.X (XXX YYY/sec and XXX ops/sec)
Offset          Length          File
0               0x30000         TEST_DIR/t.IMGFMT.base
Offset          Length          File
0               0x10000         TEST_DIR/t.IMGFMT.base
0x10000         0x20000         TEST_DIR/t.IMGFMT.itmd
Offset          Length          File
0               0x10000         TEST_DIR/t.IMGFMT.base
0x10000         0x20000         TEST_DIR/t.IMGFMT.itmd

=== Test pass 1 ===

Formatting 'TEST_DIR/t.IMGFMT.base', fmt=IMGFMT size=67108864
Formatting 'TEST_DIR/t.IMGFMT.itmd', fmt=IMGFMT size=67108864 backing_file=TEST_DIR/t.IMGFMT.base
Formatting 'TEST_DIR/t.IMGFMT', fmt=IMGFMT size=67108864 backing_file=TEST_DIR/t.IMGFMT.itmd
wrote 196608/196608 bytes at offset 0
192 KiB, X ops; XX:XX:XX.X (XXX YYY/sec and XXX ops/sec)
wrote 131072/131072 bytes at offset 65536
128 KiB, X ops; XX:XX:XX.X (XXX YYY/sec and XXX ops/sec)
wrote 65536/65536 bytes at offset 131072
64 KiB, X ops; XX:XX:XX.X (XXX YYY/sec and XXX ops/sec)
Image committed.
read 196608/196608 bytes at offset 0
192 KiB, X ops; XX:XX:XX.X (XXX YYY/sec and XXX ops/sec)
read 65536/65536 bytes at offset 0
64 KiB, X ops; XX:XX:XX.X (XXX YYY/sec and XXX ops/sec)
read 65536/65536 bytes at offset 65536
64 KiB, X ops; XX:XX:XX.X (XXX YYY/sec and XXX ops/sec)
read 65536/65536 bytes at offset 131072
64 KiB, X ops; XX:XX:XX.X (XXX YYY/sec and XXX ops/sec)
Offset          Length          File
0               0x30000         TEST_DIR/t.IMGFMT.base
Offset          Length          File
0               0x10000         TEST_DIR/t.IMGFMT.base
0x10000         0x20000         TEST_DIR/t.IMGFMT.itmd
Offset          Length          File
0               0x10000         TEST_DIR/t.IMGFMT.base
0x10000         0x10000         TEST_DIR/t.IMGFMT.itmd
0x20000         0x10000         TEST_DIR/t.IMGFMT

=== Test pass 2 ===

Formatting 'TEST_DIR/t.IMGFMT.base', fmt=IMGFMT size=67108864
Formatting 'TEST_DIR/t.IMGFMT.itmd', fmt=IMGFMT size=67108864 backing_file=TEST_DIR/t.IMGFMT.base
Formatting 'TEST_DIR/t.IMGFMT', fmt=IMGFMT size=67108864 backing_file=TEST_DIR/t.IMGFMT.itmd
wrote 196608/196608 bytes at offset 0
192 KiB, X ops; XX:XX:XX.X (XXX YYY/sec and XXX ops/sec)
wrote 131072/131072 bytes at offset 65536
128 KiB, X ops; XX:XX:XX.X (XXX YYY/sec and XXX ops/sec)
wrote 65536/65536 bytes at offset 131072
64 KiB, X ops; XX:XX:XX.X (XXX YYY/sec and XXX ops/sec)
Image committed.
read 196608/196608 bytes at offset 0
192 KiB, X ops; XX:XX:XX.X (XXX YYY/sec and XXX ops/sec)
read 65536/65536 bytes at offset 0
64 KiB, X ops; XX:XX:XX.X (XXX YYY/sec and XXX ops/sec)
read 65536/65536 bytes at offset 65536
64 KiB, X ops; XX:XX:XX.X (XXX YYY/sec and XXX ops/sec)
read 65536/65536 bytes at offset 131072
64 KiB, X ops; XX:XX:XX.X (XXX YYY/sec and XXX ops/sec)
Offset          Length          File
0               0x30000         TEST_DIR/t.IMGFMT.base
Offset          Length          File
0               0x10000         TEST_DIR/t.IMGFMT.base
0x10000         0x20000         TEST_DIR/t.IMGFMT.itmd
Offset          Length          File
0               0x10000         TEST_DIR/t.IMGFMT.base
0x10000         0x10000         TEST_DIR/t.IMGFMT.itmd
0x20000         0x10000         TEST_DIR/t.IMGFMT

=== Test pass 3 ===

Formatting 'TEST_DIR/t.IMGFMT.base', fmt=IMGFMT size=67108864
Formatting 'TEST_DIR/t.IMGFMT.itmd', fmt=IMGFMT size=67108864 backing_file=TEST_DIR/t.IMGFMT.base
Formatting 'TEST_DIR/t.IMGFMT', fmt=IMGFMT size=67108864 backing_file=TEST_DIR/t.IMGFMT.itmd
wrote 196608/196608 bytes at offset 0
192 KiB, X ops; XX:XX:XX.X (XXX YYY/sec and XXX ops/sec)
wrote 131072/131072 bytes at offset 65536
128 KiB, X ops; XX:XX:XX.X (XXX YYY/sec and XXX ops/sec)
wrote 65536/65536 bytes at offset 131072
64 KiB, X ops; XX:XX:XX.X (XXX YYY/sec and XXX ops/sec)
Image committed.
read 65536/65536 bytes at offset 0
64 KiB, X ops; XX:XX:XX.X (XXX YYY/sec and XXX ops/sec)
read 65536/65536 bytes at offset 65536
64 KiB, X ops; XX:XX:XX.X (XXX YYY/sec and XXX ops/sec)
read 65536/65536 bytes at offset 131072
64 KiB, X ops; XX:XX:XX.X (XXX YYY/sec and XXX ops/sec)
Offset          Length          File
0               0x30000         TEST_DIR/t.IMGFMT.base
Offset          Length          File
0               0x10000         TEST_DIR/t.IMGFMT.base
0x10000         0x20000         TEST_DIR/t.IMGFMT.itmd
Offset          Length          File
0               0x10000         TEST_DIR/t.IMGFMT.base
0x10000         0x10000         TEST_DIR/t.IMGFMT.itmd
0x20000         0x10000         TEST_DIR/t.IMGFMT
*** done
