QA output created by 162

=== NBD ===
qemu-img: Could not open 'json:{"driver": "nbd", "host": 42}': Failed to connect socket: Invalid argument
qemu-img: Could not open 'json:{"driver": "nbd", "host": "does.not.exist.example.com", "port": 42}': address resolution failed for does.not.exist.example.com:42: Name or service not known
image: nbd+unix://?socket=42

=== SSH ===
qemu-img: Could not open 'json:{"driver": "ssh", "host": "localhost", "port": "0", "path": "/foo"}': Failed to connect socket: Connection refused
qemu-img: Could not open 'driver=ssh,host=localhost,port=0,path=/foo': Failed to connect socket: Connection refused
qemu-img: Could not open 'json:{"driver": "ssh", "host": "localhost", "port": 0.42, "path": "/foo"}': Parameter 'port' expects a number
qemu-img: Could not open 'driver=ssh,host=localhost,port=0.42,path=/foo': Parameter 'port' expects a number

=== blkdebug ===
image: blkdebug:42:null-co://

*** done
